I0624 01:54:52.215771 268763136 processor.cc:81] Processing queue has data, processing started
I0624 01:54:52.215772 268226560 processor.cc:81] Processing queue has data, processing started
I0624 01:54:52.215773 272519168 processor.cc:81] Processing queue has data, processing started
I0624 01:54:52.215781 269836288 processor.cc:81] Processing queue has data, processing started
I0624 01:54:52.216337 272519168 processor.cc:158] Processor: start processing batch 4cc1642b-7793-451a-ade8-5bf1f9b30345 into model nwt
I0624 01:54:52.217036 266616832 processor.cc:81] Processing queue has data, processing started
I0624 01:54:52.223330 272519168 processor.cc:292] Processor: complete processing batch 4cc1642b-7793-451a-ade8-5bf1f9b30345 into model nwt
I0624 01:54:52.223718 272519168 cuckoo_watch.h:45] 7ms in ProcessBatch(batches/aaaaau.batch) [including 0ms in LoadMessage; 0ms in InitializeTheta; 0ms in CreateRegularizerAgents; 0ms in InitializeSparseNdw; 4ms in InferThetaAndUpdateNwtSparse; 1ms in CalculateScore(PerplexityScore); 0ms in CalculateScore(SparsityThetaScore); 0ms in CalculateScore(^^^ItemsProcessedScore^^^); ]
I0624 01:54:52.224874 271982592 processor.cc:158] Processor: start processing batch 281577ee-a6a4-4e4c-b681-11a2b1b8ef10 into model nwt
I0624 01:54:52.225775 267153408 processor.cc:158] Processor: start processing batch 8be916e2-b6a4-4ff8-a2b3-ecba31a73984 into model nwt
I0624 01:54:52.225978 267689984 processor.cc:158] Processor: start processing batch b5ca179c-9054-4d82-b8d7-ea43baa318db into model nwt
I0624 01:54:52.226136 268226560 processor.cc:158] Processor: start processing batch 3a4bacbc-373e-4968-995b-dfa2060a07dd into model nwt
I0624 01:54:52.226174 268763136 processor.cc:158] Processor: start processing batch a8b3e468-857b-4eda-ba50-208d23912dac into model nwt
I0624 01:54:52.226526 271446016 processor.cc:158] Processor: start processing batch 422e26a9-76a9-44b4-85df-b70073364141 into model nwt
I0624 01:54:52.226716 270372864 processor.cc:158] Processor: start processing batch 2817a796-1173-4f23-8c0c-276f5bcb92c3 into model nwt
I0624 01:54:52.226758 269836288 processor.cc:158] Processor: start processing batch c0f4be26-d4b4-461d-86f2-b8d007ea1958 into model nwt
I0624 01:54:52.226933 269299712 processor.cc:158] Processor: start processing batch 41d1f5f3-1a53-4eea-8ebe-cb4bc49e4cf9 into model nwt
I0624 01:54:52.226963 270909440 processor.cc:158] Processor: start processing batch a00491fb-3adf-405b-a04b-6d307671d46a into model nwt
I0624 01:54:52.227547 266616832 processor.cc:158] Processor: start processing batch 7564204f-7d82-49c9-9fb1-2083e2ad79be into model nwt
I0624 01:54:52.234944 272519168 processor.cc:158] Processor: start processing batch 6549528f-4b6b-48ba-bb1f-38e8c063b2d3 into model nwt
I0624 01:54:52.490137 271982592 processor.cc:292] Processor: complete processing batch 281577ee-a6a4-4e4c-b681-11a2b1b8ef10 into model nwt
I0624 01:54:52.496393 267153408 processor.cc:292] Processor: complete processing batch 8be916e2-b6a4-4ff8-a2b3-ecba31a73984 into model nwt
I0624 01:54:52.497964 271982592 cuckoo_watch.h:45] 282ms in ProcessBatch(batches/aaaaai.batch) [including 9ms in LoadMessage; 0ms in InitializeTheta; 0ms in CreateRegularizerAgents; 0ms in InitializeSparseNdw; 181ms in InferThetaAndUpdateNwtSparse; 59ms in CalculateScore(PerplexityScore); 5ms in CalculateScore(SparsityThetaScore); 17ms in CalculateScore(^^^ItemsProcessedScore^^^); ]
I0624 01:54:52.505483 271982592 processor.cc:158] Processor: start processing batch ad3320d7-ed65-4d22-9d16-692f56b35a95 into model nwt
I0624 01:54:52.508188 267153408 cuckoo_watch.h:45] 292ms in ProcessBatch(batches/aaaaar.batch) [including 9ms in LoadMessage; 1ms in InitializeTheta; 0ms in CreateRegularizerAgents; 2ms in InitializeSparseNdw; 180ms in InferThetaAndUpdateNwtSparse; 64ms in CalculateScore(PerplexityScore); 4ms in CalculateScore(SparsityThetaScore); 17ms in CalculateScore(^^^ItemsProcessedScore^^^); ]
I0624 01:54:52.518410 267153408 processor.cc:158] Processor: start processing batch 785ee3d7-0dfe-4b4a-a5d8-45c7a9fdf123 into model nwt
I0624 01:54:52.523454 267689984 processor.cc:292] Processor: complete processing batch b5ca179c-9054-4d82-b8d7-ea43baa318db into model nwt
I0624 01:54:52.526253 268226560 processor.cc:292] Processor: complete processing batch 3a4bacbc-373e-4968-995b-dfa2060a07dd into model nwt
I0624 01:54:52.529633 268226560 cuckoo_watch.h:45] 313ms in ProcessBatch(batches/aaaaaq.batch) [including 10ms in LoadMessage; 0ms in InitializeTheta; 0ms in CreateRegularizerAgents; 2ms in InitializeSparseNdw; 196ms in InferThetaAndUpdateNwtSparse; 68ms in CalculateScore(PerplexityScore); 13ms in CalculateScore(SparsityThetaScore); 19ms in CalculateScore(^^^ItemsProcessedScore^^^); ]
I0624 01:54:52.532166 267689984 cuckoo_watch.h:45] 316ms in ProcessBatch(batches/aaaaao.batch) [including 10ms in LoadMessage; 0ms in InitializeTheta; 0ms in CreateRegularizerAgents; 2ms in InitializeSparseNdw; 198ms in InferThetaAndUpdateNwtSparse; 71ms in CalculateScore(PerplexityScore); 4ms in CalculateScore(SparsityThetaScore); 19ms in CalculateScore(^^^ItemsProcessedScore^^^); ]
I0624 01:54:52.534018 269836288 processor.cc:292] Processor: complete processing batch c0f4be26-d4b4-461d-86f2-b8d007ea1958 into model nwt
I0624 01:54:52.539135 269836288 cuckoo_watch.h:45] 323ms in ProcessBatch(batches/aaaaak.batch) [including 10ms in LoadMessage; 0ms in InitializeTheta; 0ms in CreateRegularizerAgents; 2ms in InitializeSparseNdw; 206ms in InferThetaAndUpdateNwtSparse; 71ms in CalculateScore(PerplexityScore); 5ms in CalculateScore(SparsityThetaScore); 20ms in CalculateScore(^^^ItemsProcessedScore^^^); ]
I0624 01:54:52.539861 268226560 processor.cc:158] Processor: start processing batch 06d844f8-dc04-40f6-a57f-37627a10a7d1 into model nwt
I0624 01:54:52.542304 267689984 processor.cc:158] Processor: start processing batch c658f378-a9dc-4cce-90f5-0db21971cd1c into model nwt
I0624 01:54:52.544193 268763136 processor.cc:292] Processor: complete processing batch a8b3e468-857b-4eda-ba50-208d23912dac into model nwt
I0624 01:54:52.548199 268763136 cuckoo_watch.h:45] 332ms in ProcessBatch(batches/aaaaan.batch) [including 10ms in LoadMessage; 0ms in InitializeTheta; 0ms in CreateRegularizerAgents; 2ms in InitializeSparseNdw; 212ms in InferThetaAndUpdateNwtSparse; 75ms in CalculateScore(PerplexityScore); 4ms in CalculateScore(SparsityThetaScore); 21ms in CalculateScore(^^^ItemsProcessedScore^^^); ]
I0624 01:54:52.548537 269836288 processor.cc:158] Processor: start processing batch bb195fbe-745d-4f24-8afc-aaf877abefb9 into model nwt
I0624 01:54:52.553630 272519168 processor.cc:292] Processor: complete processing batch 6549528f-4b6b-48ba-bb1f-38e8c063b2d3 into model nwt
I0624 01:54:52.554847 271446016 processor.cc:292] Processor: complete processing batch 422e26a9-76a9-44b4-85df-b70073364141 into model nwt
I0624 01:54:52.556547 269299712 processor.cc:292] Processor: complete processing batch 41d1f5f3-1a53-4eea-8ebe-cb4bc49e4cf9 into model nwt
I0624 01:54:52.557463 272519168 cuckoo_watch.h:45] 333ms in ProcessBatch(batches/aaaaas.batch) [including 11ms in LoadMessage; 0ms in InitializeTheta; 0ms in CreateRegularizerAgents; 1ms in InitializeSparseNdw; 215ms in InferThetaAndUpdateNwtSparse; 74ms in CalculateScore(PerplexityScore); 4ms in CalculateScore(SparsityThetaScore); 20ms in CalculateScore(^^^ItemsProcessedScore^^^); ]
I0624 01:54:52.558159 268763136 processor.cc:158] Processor: start processing batch b80c39c7-f22f-474f-be5f-8a42374b4d86 into model nwt
I0624 01:54:52.559989 271446016 cuckoo_watch.h:45] 344ms in ProcessBatch(batches/aaaaap.batch) [including 10ms in LoadMessage; 0ms in InitializeTheta; 0ms in CreateRegularizerAgents; 2ms in InitializeSparseNdw; 219ms in InferThetaAndUpdateNwtSparse; 74ms in CalculateScore(PerplexityScore); 9ms in CalculateScore(SparsityThetaScore); 21ms in CalculateScore(^^^ItemsProcessedScore^^^); ]
I0624 01:54:52.562824 270909440 processor.cc:292] Processor: complete processing batch a00491fb-3adf-405b-a04b-6d307671d46a into model nwt
I0624 01:54:52.562988 269299712 cuckoo_watch.h:45] 347ms in ProcessBatch(batches/aaaaat.batch) [including 11ms in LoadMessage; 0ms in InitializeTheta; 0ms in CreateRegularizerAgents; 2ms in InitializeSparseNdw; 220ms in InferThetaAndUpdateNwtSparse; 76ms in CalculateScore(PerplexityScore); 4ms in CalculateScore(SparsityThetaScore); 24ms in CalculateScore(^^^ItemsProcessedScore^^^); ]
I0624 01:54:52.567238 272519168 processor.cc:158] Processor: start processing batch 75e50a67-38f7-485b-94c8-41a4f6844953 into model nwt
I0624 01:54:52.567659 270372864 processor.cc:292] Processor: complete processing batch 2817a796-1173-4f23-8c0c-276f5bcb92c3 into model nwt
I0624 01:54:52.568856 270909440 cuckoo_watch.h:45] 352ms in ProcessBatch(batches/aaaaal.batch) [including 11ms in LoadMessage; 0ms in InitializeTheta; 0ms in CreateRegularizerAgents; 2ms in InitializeSparseNdw; 222ms in InferThetaAndUpdateNwtSparse; 80ms in CalculateScore(PerplexityScore); 5ms in CalculateScore(SparsityThetaScore); 24ms in CalculateScore(^^^ItemsProcessedScore^^^); ]
I0624 01:54:52.570010 266616832 processor.cc:292] Processor: complete processing batch 7564204f-7d82-49c9-9fb1-2083e2ad79be into model nwt
I0624 01:54:52.572362 271446016 processor.cc:158] Processor: start processing batch c84f94a4-f1fa-4a87-9b80-d8965a11507a into model nwt
I0624 01:54:52.573148 270372864 cuckoo_watch.h:45] 357ms in ProcessBatch(batches/aaaaam.batch) [including 10ms in LoadMessage; 0ms in InitializeTheta; 0ms in CreateRegularizerAgents; 2ms in InitializeSparseNdw; 229ms in InferThetaAndUpdateNwtSparse; 78ms in CalculateScore(PerplexityScore); 5ms in CalculateScore(SparsityThetaScore); 24ms in CalculateScore(^^^ItemsProcessedScore^^^); ]
I0624 01:54:52.573671 266616832 cuckoo_watch.h:45] 356ms in ProcessBatch(batches/aaaaaj.batch) [including 10ms in LoadMessage; 1ms in InitializeTheta; 0ms in CreateRegularizerAgents; 1ms in InitializeSparseNdw; 233ms in InferThetaAndUpdateNwtSparse; 77ms in CalculateScore(PerplexityScore); 4ms in CalculateScore(SparsityThetaScore); 24ms in CalculateScore(^^^ItemsProcessedScore^^^); ]
I0624 01:54:52.585893 269299712 processor.cc:74] No data in processing queue, waiting...
I0624 01:54:52.592260 270909440 processor.cc:74] No data in processing queue, waiting...
I0624 01:54:52.597323 270372864 processor.cc:74] No data in processing queue, waiting...
I0624 01:54:52.597319 266616832 processor.cc:74] No data in processing queue, waiting...
I0624 01:54:52.635310 271982592 processor.cc:292] Processor: complete processing batch ad3320d7-ed65-4d22-9d16-692f56b35a95 into model nwt
I0624 01:54:52.639724 271982592 cuckoo_watch.h:45] 141ms in ProcessBatch(batches/aaaaah.batch) [including 7ms in LoadMessage; 0ms in InitializeTheta; 0ms in CreateRegularizerAgents; 0ms in InitializeSparseNdw; 79ms in InferThetaAndUpdateNwtSparse; 36ms in CalculateScore(PerplexityScore); 2ms in CalculateScore(SparsityThetaScore); 10ms in CalculateScore(^^^ItemsProcessedScore^^^); ]
I0624 01:54:52.664113 271982592 processor.cc:74] No data in processing queue, waiting...
I0624 01:54:52.731806 267153408 processor.cc:292] Processor: complete processing batch 785ee3d7-0dfe-4b4a-a5d8-45c7a9fdf123 into model nwt
I0624 01:54:52.737232 267153408 cuckoo_watch.h:45] 228ms in ProcessBatch(batches/aaaaad.batch) [including 10ms in LoadMessage; 0ms in InitializeTheta; 0ms in CreateRegularizerAgents; 0ms in InitializeSparseNdw; 130ms in InferThetaAndUpdateNwtSparse; 61ms in CalculateScore(PerplexityScore); 3ms in CalculateScore(SparsityThetaScore); 17ms in CalculateScore(^^^ItemsProcessedScore^^^); ]
I0624 01:54:52.738374 271446016 processor.cc:292] Processor: complete processing batch c84f94a4-f1fa-4a87-9b80-d8965a11507a into model nwt
I0624 01:54:52.741488 271446016 cuckoo_watch.h:45] 181ms in ProcessBatch(batches/aaaaac.batch) [including 12ms in LoadMessage; 0ms in InitializeTheta; 0ms in CreateRegularizerAgents; 0ms in InitializeSparseNdw; 107ms in InferThetaAndUpdateNwtSparse; 41ms in CalculateScore(PerplexityScore); 3ms in CalculateScore(SparsityThetaScore); 13ms in CalculateScore(^^^ItemsProcessedScore^^^); ]
I0624 01:54:52.745633 268226560 processor.cc:292] Processor: complete processing batch 06d844f8-dc04-40f6-a57f-37627a10a7d1 into model nwt
I0624 01:54:52.748572 268226560 cuckoo_watch.h:45] 218ms in ProcessBatch(batches/aaaaaf.batch) [including 10ms in LoadMessage; 0ms in InitializeTheta; 0ms in CreateRegularizerAgents; 0ms in InitializeSparseNdw; 130ms in InferThetaAndUpdateNwtSparse; 55ms in CalculateScore(PerplexityScore); 2ms in CalculateScore(SparsityThetaScore); 15ms in CalculateScore(^^^ItemsProcessedScore^^^); ]
I0624 01:54:52.752220 267689984 processor.cc:292] Processor: complete processing batch c658f378-a9dc-4cce-90f5-0db21971cd1c into model nwt
I0624 01:54:52.754686 267689984 cuckoo_watch.h:45] 222ms in ProcessBatch(batches/aaaaab.batch) [including 9ms in LoadMessage; 0ms in InitializeTheta; 0ms in CreateRegularizerAgents; 0ms in InitializeSparseNdw; 130ms in InferThetaAndUpdateNwtSparse; 57ms in CalculateScore(PerplexityScore); 4ms in CalculateScore(SparsityThetaScore); 16ms in CalculateScore(^^^ItemsProcessedScore^^^); ]
I0624 01:54:52.755107 268763136 processor.cc:292] Processor: complete processing batch b80c39c7-f22f-474f-be5f-8a42374b4d86 into model nwt
I0624 01:54:52.757612 268763136 cuckoo_watch.h:45] 209ms in ProcessBatch(batches/aaaaae.batch) [including 9ms in LoadMessage; 0ms in InitializeTheta; 0ms in CreateRegularizerAgents; 0ms in InitializeSparseNdw; 122ms in InferThetaAndUpdateNwtSparse; 55ms in CalculateScore(PerplexityScore); 3ms in CalculateScore(SparsityThetaScore); 15ms in CalculateScore(^^^ItemsProcessedScore^^^); ]
I0624 01:54:52.758448 272519168 processor.cc:292] Processor: complete processing batch 75e50a67-38f7-485b-94c8-41a4f6844953 into model nwt
I0624 01:54:52.761066 267153408 processor.cc:74] No data in processing queue, waiting...
I0624 01:54:52.765548 271446016 processor.cc:74] No data in processing queue, waiting...
I0624 01:54:52.769167 272519168 cuckoo_watch.h:45] 211ms in ProcessBatch(batches/aaaaaa.batch) [including 9ms in LoadMessage; 0ms in InitializeTheta; 0ms in CreateRegularizerAgents; 0ms in InitializeSparseNdw; 120ms in InferThetaAndUpdateNwtSparse; 51ms in CalculateScore(PerplexityScore); 3ms in CalculateScore(SparsityThetaScore); 15ms in CalculateScore(^^^ItemsProcessedScore^^^); ]
I0624 01:54:52.772508 268226560 processor.cc:74] No data in processing queue, waiting...
I0624 01:54:52.778669 267689984 processor.cc:74] No data in processing queue, waiting...
I0624 01:54:52.781250 268763136 processor.cc:74] No data in processing queue, waiting...
I0624 01:54:52.782927 269836288 processor.cc:292] Processor: complete processing batch bb195fbe-745d-4f24-8afc-aaf877abefb9 into model nwt
I0624 01:54:52.785457 269836288 cuckoo_watch.h:45] 246ms in ProcessBatch(batches/aaaaag.batch) [including 9ms in LoadMessage; 0ms in InitializeTheta; 0ms in CreateRegularizerAgents; 0ms in InitializeSparseNdw; 141ms in InferThetaAndUpdateNwtSparse; 63ms in CalculateScore(PerplexityScore); 3ms in CalculateScore(SparsityThetaScore); 25ms in CalculateScore(^^^ItemsProcessedScore^^^); ]
I0624 01:54:52.786065 140647936 master_component.cc:1442] RegularizeModelArgs: rwt_target_name=rwt, pwt_source_name=pwt, nwt_source_name=nwt
I0624 01:54:52.786123 140647936 master_component.cc:975] MasterComponent: start regularizing model pwt
I0624 01:54:52.792335 272519168 processor.cc:74] No data in processing queue, waiting...
I0624 01:54:52.809468 269836288 processor.cc:74] No data in processing queue, waiting...
I0624 01:54:53.461550 140647936 master_component.cc:1001] MasterComponent: complete regularizing model pwt
I0624 01:54:53.461565 140647936 master_component.cc:1455] NormalizeModelArgs: pwt_target_name=pwt, nwt_source_name=nwt, rwt_source_name=rwt
I0624 01:54:53.461570 140647936 master_component.cc:1005] MasterComponent: start normalizing model nwt
I0624 01:54:53.539618 140647936 master_component.cc:1033] MasterComponent: complete normalizing model nwt
I0624 01:54:53.708335 140647936 master_component.cc:1479] DisposeModel rwt
I0624 01:54:53.717945 140647936 master_component.cc:1058] FitOffline: ItemsProcessed, num_items=20002, num_batches=21, token_weight=2.20918e+06, token_weight_in_effect=2.20918e+06
I0624 01:54:53.718288 140647936 c_interface.cc:389] Pass MasterModelConfig: topic_name_size=200, score_config_size=6, num_processors=0, pwt_name=pwt, nwt_name=nwt, num_document_passes=2, regularizer=(Decorr:0.25), regularizer=(SmoothPhi_1:0.15), regularizer=(SparsePhi:-0.225), regularizer=(SparseTheta:-0.165), reuse_theta=no, cache_theta=no, opt_for_avx=yes, disk_cache_path= to MN4artm4core15MasterComponentEFvRKNS_17MasterModelConfigEE
I0624 01:54:53.718317 140647936 instance.cc:401] MasterModelConfig.processors_count is automatically set to 12
I0624 01:54:53.718331 140647936 perplexity.cc:27] Perplexity score calculator created: model_type=1, dictionary_name=b87e665a-0acc-41fb-9efe-9a168e91b082
I0624 01:54:53.718452 140647936 instance.cc:244] Regularizer 'Decorr' was cold-reconfigured
I0624 01:54:53.718499 140647936 instance.cc:232] Regularizer 'SmoothPhi_1' was cold-reconfigured
I0624 01:54:53.718544 140647936 instance.cc:232] Regularizer 'SparsePhi' was cold-reconfigured
I0624 01:54:53.718587 140647936 instance.cc:226] Regularizer 'SparseTheta' was cold-reconfigured
I0624 01:54:53.718760 140647936 c_interface.cc:389] Pass MasterModelConfig: topic_name_size=200, score_config_size=6, num_processors=0, pwt_name=pwt, nwt_name=nwt, num_document_passes=2, regularizer=(Decorr:0.25), regularizer=(SmoothPhi_1:0.15), regularizer=(SparsePhi:-0.225), regularizer=(SparseTheta:-0.165), reuse_theta=no, cache_theta=no, opt_for_avx=yes, disk_cache_path= to MN4artm4core15MasterComponentEFvRKNS_17MasterModelConfigEE
I0624 01:54:53.718784 140647936 instance.cc:401] MasterModelConfig.processors_count is automatically set to 12
I0624 01:54:53.718837 140647936 perplexity.cc:27] Perplexity score calculator created: model_type=1, dictionary_name=b87e665a-0acc-41fb-9efe-9a168e91b082
I0624 01:54:53.718947 140647936 instance.cc:244] Regularizer 'Decorr' was cold-reconfigured
I0624 01:54:53.718991 140647936 instance.cc:232] Regularizer 'SmoothPhi_1' was cold-reconfigured
I0624 01:54:53.719033 140647936 instance.cc:232] Regularizer 'SparsePhi' was cold-reconfigured
I0624 01:54:53.719076 140647936 instance.cc:226] Regularizer 'SparseTheta' was cold-reconfigured
I0624 01:54:53.719343 140647936 c_interface.cc:389] Pass FitOfflineMasterModelArgs, batch_filename_size=21, batch_weight_size=21, num_collection_passes=1, reset_nwt=yes to MN4artm4core15MasterComponentEFvRKNS_25FitOfflineMasterModelArgsEE
I0624 01:54:53.719355 140647936 master_component.cc:1404] ProcessBatchesArgs: nwt_target_name=nwt, batch_filename_size=21, batch_size=0, batch_weight_size=21, pwt_source_name=pwt, num_document_passes=2, regularizer=(name:Decorr, tau:0.25), regularizer=(name:SmoothPhi_1, tau:0.15), regularizer=(name:SparsePhi, tau:-0.225), regularizer=(name:SparseTheta, tau:-0.165), reuse_theta=no, opt_for_avx=yes, predict_class_id=, reset_nwt=yes
I0624 01:54:53.740564 272519168 processor.cc:81] Processing queue has data, processing started
I0624 01:54:53.740576 269299712 processor.cc:81] Processing queue has data, processing started
I0624 01:54:53.740743 270372864 processor.cc:81] Processing queue has data, processing started
I0624 01:54:53.740748 270909440 processor.cc:81] Processing queue has data, processing started
I0624 01:54:53.740804 271982592 processor.cc:81] Processing queue has data, processing started
I0624 01:54:53.740803 268763136 processor.cc:81] Processing queue has data, processing started
I0624 01:54:53.740803 266616832 processor.cc:81] Processing queue has data, processing started
I0624 01:54:53.740803 268226560 processor.cc:81] Processing queue has data, processing started
I0624 01:54:53.740813 267689984 processor.cc:81] Processing queue has data, processing started
I0624 01:54:53.740810 271446016 processor.cc:81] Processing queue has data, processing started
I0624 01:54:53.740811 269836288 processor.cc:81] Processing queue has data, processing started
I0624 01:54:53.740811 267153408 processor.cc:81] Processing queue has data, processing started
I0624 01:54:53.741376 269836288 processor.cc:158] Processor: start processing batch 4cc1642b-7793-451a-ade8-5bf1f9b30345 into model nwt
I0624 01:54:53.748478 269836288 processor.cc:292] Processor: complete processing batch 4cc1642b-7793-451a-ade8-5bf1f9b30345 into model nwt
I0624 01:54:53.749851 268763136 processor.cc:158] Processor: start processing batch 8be916e2-b6a4-4ff8-a2b3-ecba31a73984 into model nwt
I0624 01:54:53.749855 270909440 processor.cc:158] Processor: start processing batch 281577ee-a6a4-4e4c-b681-11a2b1b8ef10 into model nwt
I0624 01:54:53.750066 269836288 cuckoo_watch.h:45] 9ms in ProcessBatch(batches/aaaaau.batch) [including 0ms in LoadMessage; 0ms in InitializeTheta; 0ms in CreateRegularizerAgents; 0ms in InitializeSparseNdw; 4ms in InferThetaAndUpdateNwtSparse; 1ms in CalculateScore(PerplexityScore); 0ms in CalculateScore(SparsityThetaScore); 0ms in CalculateScore(^^^ItemsProcessedScore^^^); ]
I0624 01:54:53.750982 268226560 processor.cc:158] Processor: start processing batch 422e26a9-76a9-44b4-85df-b70073364141 into model nwt
I0624 01:54:53.750993 269299712 processor.cc:158] Processor: start processing batch b5ca179c-9054-4d82-b8d7-ea43baa318db into model nwt
I0624 01:54:53.751360 272519168 processor.cc:158] Processor: start processing batch 41d1f5f3-1a53-4eea-8ebe-cb4bc49e4cf9 into model nwt
I0624 01:54:53.751590 266616832 processor.cc:158] Processor: start processing batch c0f4be26-d4b4-461d-86f2-b8d007ea1958 into model nwt
I0624 01:54:53.751734 270372864 processor.cc:158] Processor: start processing batch 2817a796-1173-4f23-8c0c-276f5bcb92c3 into model nwt
I0624 01:54:53.751824 271982592 processor.cc:158] Processor: start processing batch a00491fb-3adf-405b-a04b-6d307671d46a into model nwt
I0624 01:54:53.752044 267689984 processor.cc:158] Processor: start processing batch 7564204f-7d82-49c9-9fb1-2083e2ad79be into model nwt
I0624 01:54:53.752063 271446016 processor.cc:158] Processor: start processing batch a8b3e468-857b-4eda-ba50-208d23912dac into model nwt
I0624 01:54:53.752161 267153408 processor.cc:158] Processor: start processing batch 3a4bacbc-373e-4968-995b-dfa2060a07dd into model nwt
I0624 01:54:53.761519 269836288 processor.cc:158] Processor: start processing batch 6549528f-4b6b-48ba-bb1f-38e8c063b2d3 into model nwt
I0624 01:54:54.008412 270909440 processor.cc:292] Processor: complete processing batch 281577ee-a6a4-4e4c-b681-11a2b1b8ef10 into model nwt
I0624 01:54:54.016201 270909440 cuckoo_watch.h:45] 275ms in ProcessBatch(batches/aaaaai.batch) [including 9ms in LoadMessage; 0ms in InitializeTheta; 0ms in CreateRegularizerAgents; 0ms in InitializeSparseNdw; 178ms in InferThetaAndUpdateNwtSparse; 58ms in CalculateScore(PerplexityScore); 4ms in CalculateScore(SparsityThetaScore); 14ms in CalculateScore(^^^ItemsProcessedScore^^^); ]
I0624 01:54:54.017328 268763136 processor.cc:292] Processor: complete processing batch 8be916e2-b6a4-4ff8-a2b3-ecba31a73984 into model nwt
I0624 01:54:54.024055 268763136 cuckoo_watch.h:45] 283ms in ProcessBatch(batches/aaaaar.batch) [including 9ms in LoadMessage; 0ms in InitializeTheta; 0ms in CreateRegularizerAgents; 1ms in InitializeSparseNdw; 178ms in InferThetaAndUpdateNwtSparse; 65ms in CalculateScore(PerplexityScore); 4ms in CalculateScore(SparsityThetaScore); 16ms in CalculateScore(^^^ItemsProcessedScore^^^); ]
I0624 01:54:54.024657 270909440 processor.cc:158] Processor: start processing batch ad3320d7-ed65-4d22-9d16-692f56b35a95 into model nwt
I0624 01:54:54.034430 268763136 processor.cc:158] Processor: start processing batch 785ee3d7-0dfe-4b4a-a5d8-45c7a9fdf123 into model nwt
I0624 01:54:54.036597 267153408 processor.cc:292] Processor: complete processing batch 3a4bacbc-373e-4968-995b-dfa2060a07dd into model nwt
I0624 01:54:54.044894 267153408 cuckoo_watch.h:45] 304ms in ProcessBatch(batches/aaaaaq.batch) [including 11ms in LoadMessage; 0ms in InitializeTheta; 0ms in CreateRegularizerAgents; 2ms in InitializeSparseNdw; 190ms in InferThetaAndUpdateNwtSparse; 66ms in CalculateScore(PerplexityScore); 5ms in CalculateScore(SparsityThetaScore); 18ms in CalculateScore(^^^ItemsProcessedScore^^^); ]
I0624 01:54:54.045920 269299712 processor.cc:292] Processor: complete processing batch b5ca179c-9054-4d82-b8d7-ea43baa318db into model nwt
I0624 01:54:54.052944 269299712 cuckoo_watch.h:45] 312ms in ProcessBatch(batches/aaaaao.batch) [including 10ms in LoadMessage; 0ms in InitializeTheta; 0ms in CreateRegularizerAgents; 2ms in InitializeSparseNdw; 195ms in InferThetaAndUpdateNwtSparse; 68ms in CalculateScore(PerplexityScore); 5ms in CalculateScore(SparsityThetaScore); 22ms in CalculateScore(^^^ItemsProcessedScore^^^); ]
I0624 01:54:54.055208 267153408 processor.cc:158] Processor: start processing batch 06d844f8-dc04-40f6-a57f-37627a10a7d1 into model nwt
I0624 01:54:54.059623 266616832 processor.cc:292] Processor: complete processing batch c0f4be26-d4b4-461d-86f2-b8d007ea1958 into model nwt
I0624 01:54:54.063104 269299712 processor.cc:158] Processor: start processing batch c658f378-a9dc-4cce-90f5-0db21971cd1c into model nwt
I0624 01:54:54.065901 266616832 cuckoo_watch.h:45] 325ms in ProcessBatch(batches/aaaaak.batch) [including 10ms in LoadMessage; 0ms in InitializeTheta; 0ms in CreateRegularizerAgents; 1ms in InitializeSparseNdw; 204ms in InferThetaAndUpdateNwtSparse; 73ms in CalculateScore(PerplexityScore); 4ms in CalculateScore(SparsityThetaScore); 22ms in CalculateScore(^^^ItemsProcessedScore^^^); ]
I0624 01:54:54.068400 271446016 processor.cc:292] Processor: complete processing batch a8b3e468-857b-4eda-ba50-208d23912dac into model nwt
I0624 01:54:54.070878 268226560 processor.cc:292] Processor: complete processing batch 422e26a9-76a9-44b4-85df-b70073364141 into model nwt
I0624 01:54:54.074079 271446016 cuckoo_watch.h:45] 333ms in ProcessBatch(batches/aaaaan.batch) [including 11ms in LoadMessage; 0ms in InitializeTheta; 0ms in CreateRegularizerAgents; 2ms in InitializeSparseNdw; 206ms in InferThetaAndUpdateNwtSparse; 76ms in CalculateScore(PerplexityScore); 6ms in CalculateScore(SparsityThetaScore); 22ms in CalculateScore(^^^ItemsProcessedScore^^^); ]
I0624 01:54:54.075834 266616832 processor.cc:158] Processor: start processing batch bb195fbe-745d-4f24-8afc-aaf877abefb9 into model nwt
I0624 01:54:54.075963 268226560 cuckoo_watch.h:45] 335ms in ProcessBatch(batches/aaaaap.batch) [including 10ms in LoadMessage; 0ms in InitializeTheta; 0ms in CreateRegularizerAgents; 1ms in InitializeSparseNdw; 217ms in InferThetaAndUpdateNwtSparse; 71ms in CalculateScore(PerplexityScore); 4ms in CalculateScore(SparsityThetaScore); 22ms in CalculateScore(^^^ItemsProcessedScore^^^); ]
I0624 01:54:54.076808 272519168 processor.cc:292] Processor: complete processing batch 41d1f5f3-1a53-4eea-8ebe-cb4bc49e4cf9 into model nwt
I0624 01:54:54.080157 272519168 cuckoo_watch.h:45] 339ms in ProcessBatch(batches/aaaaat.batch) [including 10ms in LoadMessage; 0ms in InitializeTheta; 0ms in CreateRegularizerAgents; 2ms in InitializeSparseNdw; 217ms in InferThetaAndUpdateNwtSparse; 76ms in CalculateScore(PerplexityScore); 5ms in CalculateScore(SparsityThetaScore); 23ms in CalculateScore(^^^ItemsProcessedScore^^^); ]
I0624 01:54:54.081125 269836288 processor.cc:292] Processor: complete processing batch 6549528f-4b6b-48ba-bb1f-38e8c063b2d3 into model nwt
I0624 01:54:54.084122 271982592 processor.cc:292] Processor: complete processing batch a00491fb-3adf-405b-a04b-6d307671d46a into model nwt
I0624 01:54:54.085021 271446016 processor.cc:158] Processor: start processing batch b80c39c7-f22f-474f-be5f-8a42374b4d86 into model nwt
I0624 01:54:54.086395 268226560 processor.cc:158] Processor: start processing batch 75e50a67-38f7-485b-94c8-41a4f6844953 into model nwt
I0624 01:54:54.087637 269836288 cuckoo_watch.h:45] 337ms in ProcessBatch(batches/aaaaas.batch) [including 11ms in LoadMessage; 0ms in InitializeTheta; 0ms in CreateRegularizerAgents; 1ms in InitializeSparseNdw; 212ms in InferThetaAndUpdateNwtSparse; 75ms in CalculateScore(PerplexityScore); 4ms in CalculateScore(SparsityThetaScore); 24ms in CalculateScore(^^^ItemsProcessedScore^^^); ]
I0624 01:54:54.090528 271982592 cuckoo_watch.h:45] 349ms in ProcessBatch(batches/aaaaal.batch) [including 11ms in LoadMessage; 0ms in InitializeTheta; 0ms in CreateRegularizerAgents; 2ms in InitializeSparseNdw; 219ms in InferThetaAndUpdateNwtSparse; 79ms in CalculateScore(PerplexityScore); 5ms in CalculateScore(SparsityThetaScore); 25ms in CalculateScore(^^^ItemsProcessedScore^^^); ]
I0624 01:54:54.090845 272519168 processor.cc:158] Processor: start processing batch c84f94a4-f1fa-4a87-9b80-d8965a11507a into model nwt
I0624 01:54:54.092525 267689984 processor.cc:292] Processor: complete processing batch 7564204f-7d82-49c9-9fb1-2083e2ad79be into model nwt
I0624 01:54:54.093454 270372864 processor.cc:292] Processor: complete processing batch 2817a796-1173-4f23-8c0c-276f5bcb92c3 into model nwt
I0624 01:54:54.095923 267689984 cuckoo_watch.h:45] 355ms in ProcessBatch(batches/aaaaaj.batch) [including 11ms in LoadMessage; 0ms in InitializeTheta; 0ms in CreateRegularizerAgents; 1ms in InitializeSparseNdw; 226ms in InferThetaAndUpdateNwtSparse; 78ms in CalculateScore(PerplexityScore); 4ms in CalculateScore(SparsityThetaScore); 27ms in CalculateScore(^^^ItemsProcessedScore^^^); ]
I0624 01:54:54.096752 270372864 cuckoo_watch.h:45] 355ms in ProcessBatch(batches/aaaaam.batch) [including 10ms in LoadMessage; 0ms in InitializeTheta; 0ms in CreateRegularizerAgents; 2ms in InitializeSparseNdw; 222ms in InferThetaAndUpdateNwtSparse; 83ms in CalculateScore(PerplexityScore); 4ms in CalculateScore(SparsityThetaScore); 28ms in CalculateScore(^^^ItemsProcessedScore^^^); ]
I0624 01:54:54.110894 269836288 processor.cc:74] No data in processing queue, waiting...
I0624 01:54:54.113410 271982592 processor.cc:74] No data in processing queue, waiting...
I0624 01:54:54.119541 270372864 processor.cc:74] No data in processing queue, waiting...
I0624 01:54:54.119541 267689984 processor.cc:74] No data in processing queue, waiting...
I0624 01:54:54.170123 270909440 processor.cc:292] Processor: complete processing batch ad3320d7-ed65-4d22-9d16-692f56b35a95 into model nwt
I0624 01:54:54.174854 270909440 cuckoo_watch.h:45] 158ms in ProcessBatch(batches/aaaaah.batch) [including 8ms in LoadMessage; 0ms in InitializeTheta; 0ms in CreateRegularizerAgents; 0ms in InitializeSparseNdw; 85ms in InferThetaAndUpdateNwtSparse; 42ms in CalculateScore(PerplexityScore); 3ms in CalculateScore(SparsityThetaScore); 13ms in CalculateScore(^^^ItemsProcessedScore^^^); ]
I0624 01:54:54.197954 270909440 processor.cc:74] No data in processing queue, waiting...
I0624 01:54:54.283917 268763136 processor.cc:292] Processor: complete processing batch 785ee3d7-0dfe-4b4a-a5d8-45c7a9fdf123 into model nwt
I0624 01:54:54.287739 268763136 cuckoo_watch.h:45] 263ms in ProcessBatch(batches/aaaaad.batch) [including 10ms in LoadMessage; 0ms in InitializeTheta; 0ms in CreateRegularizerAgents; 0ms in InitializeSparseNdw; 146ms in InferThetaAndUpdateNwtSparse; 79ms in CalculateScore(PerplexityScore); 3ms in CalculateScore(SparsityThetaScore); 18ms in CalculateScore(^^^ItemsProcessedScore^^^); ]
I0624 01:54:54.291103 267153408 processor.cc:292] Processor: complete processing batch 06d844f8-dc04-40f6-a57f-37627a10a7d1 into model nwt
I0624 01:54:54.292815 272519168 processor.cc:292] Processor: complete processing batch c84f94a4-f1fa-4a87-9b80-d8965a11507a into model nwt
I0624 01:54:54.295701 267153408 cuckoo_watch.h:45] 250ms in ProcessBatch(batches/aaaaaf.batch) [including 10ms in LoadMessage; 0ms in InitializeTheta; 0ms in CreateRegularizerAgents; 0ms in InitializeSparseNdw; 148ms in InferThetaAndUpdateNwtSparse; 66ms in CalculateScore(PerplexityScore); 4ms in CalculateScore(SparsityThetaScore); 16ms in CalculateScore(^^^ItemsProcessedScore^^^); ]
I0624 01:54:54.296000 269299712 processor.cc:292] Processor: complete processing batch c658f378-a9dc-4cce-90f5-0db21971cd1c into model nwt
I0624 01:54:54.296664 272519168 cuckoo_watch.h:45] 216ms in ProcessBatch(batches/aaaaac.batch) [including 10ms in LoadMessage; 0ms in InitializeTheta; 0ms in CreateRegularizerAgents; 0ms in InitializeSparseNdw; 132ms in InferThetaAndUpdateNwtSparse; 48ms in CalculateScore(PerplexityScore); 4ms in CalculateScore(SparsityThetaScore); 14ms in CalculateScore(^^^ItemsProcessedScore^^^); ]
I0624 01:54:54.299522 269299712 cuckoo_watch.h:45] 246ms in ProcessBatch(batches/aaaaab.batch) [including 10ms in LoadMessage; 0ms in InitializeTheta; 0ms in CreateRegularizerAgents; 0ms in InitializeSparseNdw; 149ms in InferThetaAndUpdateNwtSparse; 62ms in CalculateScore(PerplexityScore); 2ms in CalculateScore(SparsityThetaScore); 16ms in CalculateScore(^^^ItemsProcessedScore^^^); ]
I0624 01:54:54.308987 271446016 processor.cc:292] Processor: complete processing batch b80c39c7-f22f-474f-be5f-8a42374b4d86 into model nwt
I0624 01:54:54.310407 268763136 processor.cc:74] No data in processing queue, waiting...
I0624 01:54:54.311769 271446016 cuckoo_watch.h:45] 237ms in ProcessBatch(batches/aaaaae.batch) [including 10ms in LoadMessage; 0ms in InitializeTheta; 0ms in CreateRegularizerAgents; 0ms in InitializeSparseNdw; 142ms in InferThetaAndUpdateNwtSparse; 57ms in CalculateScore(PerplexityScore); 4ms in CalculateScore(SparsityThetaScore); 18ms in CalculateScore(^^^ItemsProcessedScore^^^); ]
I0624 01:54:54.312690 268226560 processor.cc:292] Processor: complete processing batch 75e50a67-38f7-485b-94c8-41a4f6844953 into model nwt
I0624 01:54:54.316205 268226560 cuckoo_watch.h:45] 240ms in ProcessBatch(batches/aaaaaa.batch) [including 10ms in LoadMessage; 0ms in InitializeTheta; 0ms in CreateRegularizerAgents; 0ms in InitializeSparseNdw; 144ms in InferThetaAndUpdateNwtSparse; 58ms in CalculateScore(PerplexityScore); 4ms in CalculateScore(SparsityThetaScore); 17ms in CalculateScore(^^^ItemsProcessedScore^^^); ]
I0624 01:54:54.318883 267153408 processor.cc:74] No data in processing queue, waiting...
I0624 01:54:54.319747 272519168 processor.cc:74] No data in processing queue, waiting...
I0624 01:54:54.322650 269299712 processor.cc:74] No data in processing queue, waiting...
I0624 01:54:54.333281 266616832 processor.cc:292] Processor: complete processing batch bb195fbe-745d-4f24-8afc-aaf877abefb9 into model nwt
I0624 01:54:54.335106 271446016 processor.cc:74] No data in processing queue, waiting...
I0624 01:54:54.335431 266616832 cuckoo_watch.h:45] 269ms in ProcessBatch(batches/aaaaag.batch) [including 9ms in LoadMessage; 0ms in InitializeTheta; 0ms in CreateRegularizerAgents; 0ms in InitializeSparseNdw; 167ms in InferThetaAndUpdateNwtSparse; 65ms in CalculateScore(PerplexityScore); 3ms in CalculateScore(SparsityThetaScore); 20ms in CalculateScore(^^^ItemsProcessedScore^^^); ]
I0624 01:54:54.335716 140647936 master_component.cc:1442] RegularizeModelArgs: rwt_target_name=rwt, pwt_source_name=pwt, nwt_source_name=nwt
I0624 01:54:54.335779 140647936 master_component.cc:975] MasterComponent: start regularizing model pwt
I0624 01:54:54.339130 268226560 processor.cc:74] No data in processing queue, waiting...
I0624 01:54:54.358817 266616832 processor.cc:74] No data in processing queue, waiting...
I0624 01:54:54.981772 140647936 master_component.cc:1001] MasterComponent: complete regularizing model pwt
I0624 01:54:54.981787 140647936 master_component.cc:1455] NormalizeModelArgs: pwt_target_name=pwt, nwt_source_name=nwt, rwt_source_name=rwt
I0624 01:54:54.981792 140647936 master_component.cc:1005] MasterComponent: start normalizing model nwt
I0624 01:54:55.066952 140647936 master_component.cc:1033] MasterComponent: complete normalizing model nwt
I0624 01:54:55.265362 140647936 master_component.cc:1479] DisposeModel rwt
I0624 01:54:55.273272 140647936 master_component.cc:1058] FitOffline: ItemsProcessed, num_items=20002, num_batches=21, token_weight=2.20918e+06, token_weight_in_effect=2.20918e+06
I0624 01:54:55.277421 140647936 c_interface.cc:231] ArtmCopyRequestedMessage is copying 525 bytes...
I0624 01:54:55.277842 140647936 c_interface.cc:231] ArtmCopyRequestedMessage is copying 563 bytes...
I0624 01:54:55.282817 140647936 c_interface.cc:231] ArtmCopyRequestedMessage is copying 3043340 bytes...
I0624 01:54:55.341080 140647936 c_interface.cc:231] ArtmCopyRequestedMessage is copying 3043340 bytes...
I0624 01:54:55.394804 140647936 c_interface.cc:231] ArtmCopyRequestedMessage is copying 672 bytes...
I0624 01:54:55.395020 140647936 c_interface.cc:231] ArtmCopyRequestedMessage is copying 672 bytes...
I0624 01:55:00.541817 140647936 c_interface.cc:231] ArtmCopyRequestedMessage is copying 904563 bytes...
I0624 01:55:00.578946 140647936 c_interface.cc:231] ArtmCopyRequestedMessage is copying 904563 bytes...
I0624 01:55:00.618482 140647936 c_interface.cc:231] ArtmCopyRequestedMessage is copying 904563 bytes...
I0624 01:55:00.650411 140647936 c_interface.cc:231] ArtmCopyRequestedMessage is copying 904563 bytes...
I0624 01:55:00.678398 140647936 c_interface.cc:231] ArtmCopyRequestedMessage is copying 904563 bytes...
I0624 01:55:00.707193 140647936 c_interface.cc:231] ArtmCopyRequestedMessage is copying 904563 bytes...
I0624 01:55:00.735759 140647936 c_interface.cc:231] ArtmCopyRequestedMessage is copying 904563 bytes...
I0624 01:55:00.763646 140647936 c_interface.cc:231] ArtmCopyRequestedMessage is copying 904563 bytes...
I0624 01:55:00.794150 140647936 c_interface.cc:231] ArtmCopyRequestedMessage is copying 904563 bytes...
I0624 01:55:00.826606 140647936 c_interface.cc:231] ArtmCopyRequestedMessage is copying 904563 bytes...
I0624 01:55:00.857671 140647936 c_interface.cc:231] ArtmCopyRequestedMessage is copying 904563 bytes...
I0624 01:55:00.891528 140647936 c_interface.cc:231] ArtmCopyRequestedMessage is copying 904563 bytes...
I0624 01:55:00.925348 140647936 c_interface.cc:231] ArtmCopyRequestedMessage is copying 904563 bytes...
I0624 01:55:00.956699 140647936 c_interface.cc:231] ArtmCopyRequestedMessage is copying 904563 bytes...
I0624 01:55:00.987566 140647936 c_interface.cc:231] ArtmCopyRequestedMessage is copying 904563 bytes...
I0624 01:55:01.020865 140647936 c_interface.cc:231] ArtmCopyRequestedMessage is copying 904563 bytes...
I0624 01:55:01.057612 140647936 c_interface.cc:231] ArtmCopyRequestedMessage is copying 904563 bytes...
I0624 01:55:01.090673 140647936 c_interface.cc:231] ArtmCopyRequestedMessage is copying 904563 bytes...
I0624 01:55:01.121215 140647936 c_interface.cc:231] ArtmCopyRequestedMessage is copying 904563 bytes...
I0624 01:55:01.151515 140647936 c_interface.cc:231] ArtmCopyRequestedMessage is copying 904563 bytes...
I0624 01:55:01.181320 140647936 c_interface.cc:231] ArtmCopyRequestedMessage is copying 904563 bytes...
I0624 01:55:01.210543 140647936 c_interface.cc:231] ArtmCopyRequestedMessage is copying 904563 bytes...
I0624 01:55:01.241065 140647936 c_interface.cc:231] ArtmCopyRequestedMessage is copying 904563 bytes...
I0624 01:55:01.274215 140647936 c_interface.cc:231] ArtmCopyRequestedMessage is copying 904563 bytes...
I0624 01:55:01.303494 140647936 c_interface.cc:231] ArtmCopyRequestedMessage is copying 904563 bytes...
I0624 01:55:01.333086 140647936 c_interface.cc:231] ArtmCopyRequestedMessage is copying 904563 bytes...
I0624 01:55:01.367674 140647936 c_interface.cc:231] ArtmCopyRequestedMessage is copying 904563 bytes...
I0624 01:55:01.398546 140647936 c_interface.cc:231] ArtmCopyRequestedMessage is copying 904563 bytes...
I0624 01:55:01.428171 140647936 c_interface.cc:231] ArtmCopyRequestedMessage is copying 904563 bytes...
I0624 01:55:01.459084 140647936 c_interface.cc:231] ArtmCopyRequestedMessage is copying 904563 bytes...
I0624 01:55:01.489547 140647936 c_interface.cc:231] ArtmCopyRequestedMessage is copying 904563 bytes...
I0624 01:55:01.519066 140647936 c_interface.cc:231] ArtmCopyRequestedMessage is copying 904563 bytes...
I0624 01:55:01.549465 140647936 c_interface.cc:231] ArtmCopyRequestedMessage is copying 904563 bytes...
I0624 01:55:01.580636 140647936 c_interface.cc:231] ArtmCopyRequestedMessage is copying 904563 bytes...
I0624 01:55:01.615512 140647936 c_interface.cc:231] ArtmCopyRequestedMessage is copying 904563 bytes...
I0624 01:55:01.651832 140647936 c_interface.cc:231] ArtmCopyRequestedMessage is copying 904563 bytes...
I0624 01:55:01.693440 140647936 c_interface.cc:231] ArtmCopyRequestedMessage is copying 904563 bytes...
I0624 01:55:01.733804 140647936 c_interface.cc:231] ArtmCopyRequestedMessage is copying 904563 bytes...
I0624 01:55:01.771363 140647936 c_interface.cc:231] ArtmCopyRequestedMessage is copying 904563 bytes...
I0624 01:55:01.803315 140647936 c_interface.cc:231] ArtmCopyRequestedMessage is copying 904563 bytes...
I0624 01:55:01.834219 140647936 c_interface.cc:231] ArtmCopyRequestedMessage is copying 904563 bytes...
I0624 01:55:01.864364 140647936 c_interface.cc:231] ArtmCopyRequestedMessage is copying 904563 bytes...
I0624 01:55:01.895598 140647936 c_interface.cc:231] ArtmCopyRequestedMessage is copying 904563 bytes...
I0624 01:55:01.930763 140647936 c_interface.cc:231] ArtmCopyRequestedMessage is copying 904563 bytes...
I0624 01:55:01.964277 140647936 c_interface.cc:231] ArtmCopyRequestedMessage is copying 904563 bytes...
I0624 01:55:01.994534 140647936 c_interface.cc:231] ArtmCopyRequestedMessage is copying 904563 bytes...
I0624 01:55:02.024780 140647936 c_interface.cc:231] ArtmCopyRequestedMessage is copying 904563 bytes...
I0624 01:55:02.054144 140647936 c_interface.cc:231] ArtmCopyRequestedMessage is copying 904563 bytes...
I0624 01:55:02.085269 140647936 c_interface.cc:231] ArtmCopyRequestedMessage is copying 904563 bytes...
I0624 01:55:02.114204 140647936 c_interface.cc:231] ArtmCopyRequestedMessage is copying 904563 bytes...
I0624 01:57:45.559526 140647936 c_interface.cc:231] ArtmCopyRequestedMessage is copying 904563 bytes...
I0624 01:57:45.597306 140647936 c_interface.cc:231] ArtmCopyRequestedMessage is copying 904563 bytes...
I0624 01:57:45.634914 140647936 c_interface.cc:231] ArtmCopyRequestedMessage is copying 904563 bytes...
I0624 02:01:46.429514 140647936 c_interface.cc:271] Pass MasterModelConfig: topic_name_size=0, score_config_size=1, num_processors=0, pwt_name=pwt, nwt_name=nwt, num_document_passes=0, reuse_theta=no, cache_theta=no, opt_for_avx=yes, disk_cache_path= to ArtmCreateMasterModel
I0624 02:01:46.430243 140647936 c_interface.cc:274] Creating MasterModel (id=4)...
I0624 02:01:46.431663 140647936 collection_parser.cc:771] CollectionParserConfig.num_threads is automatically set to 12
W0624 02:01:46.631284 279920640 helpers.cc:221] File already exists: batches/aaaaac.batch
W0624 02:01:46.644309 281530368 helpers.cc:221] File already exists: batches/aaaaah.batch
W0624 02:01:46.660225 278310912 helpers.cc:221] File already exists: batches/aaaaaa.batch
W0624 02:01:46.682706 278847488 helpers.cc:221] File already exists: batches/aaaaab.batch
W0624 02:01:46.699209 282603520 helpers.cc:221] File already exists: batches/aaaaai.batch
W0624 02:01:46.722206 280993792 helpers.cc:221] File already exists: batches/aaaaae.batch
W0624 02:01:46.741068 280457216 helpers.cc:221] File already exists: batches/aaaaad.batch
W0624 02:01:46.759258 279384064 helpers.cc:221] File already exists: batches/aaaaaf.batch
W0624 02:01:46.780200 282066944 helpers.cc:221] File already exists: batches/aaaaag.batch
W0624 02:01:46.799726 284213248 helpers.cc:221] File already exists: batches/aaaaak.batch
W0624 02:01:46.817963 283676672 helpers.cc:221] File already exists: batches/aaaaaj.batch
W0624 02:01:46.837726 283140096 helpers.cc:221] File already exists: batches/aaaaal.batch
W0624 02:01:46.840202 282066944 helpers.cc:221] File already exists: batches/aaaaau.batch
W0624 02:01:46.922996 278310912 helpers.cc:221] File already exists: batches/aaaaao.batch
W0624 02:01:46.935987 281530368 helpers.cc:221] File already exists: batches/aaaaam.batch
W0624 02:01:46.952152 280993792 helpers.cc:221] File already exists: batches/aaaaar.batch
W0624 02:01:46.970801 279920640 helpers.cc:221] File already exists: batches/aaaaan.batch
W0624 02:01:46.988234 282603520 helpers.cc:221] File already exists: batches/aaaaaq.batch
W0624 02:01:47.013265 278847488 helpers.cc:221] File already exists: batches/aaaaap.batch
W0624 02:01:47.031424 280457216 helpers.cc:221] File already exists: batches/aaaaas.batch
W0624 02:01:47.051201 279384064 helpers.cc:221] File already exists: batches/aaaaat.batch
I0624 02:01:47.069698 140647936 c_interface.cc:375] Pass 5ce251b1-64a5-474b-b454-2a21e016564b to MN4artm4core15MasterComponentEFvRKNSt3__112basic_stringIcNS2_11char_traitsIcEENS2_9allocatorIcEEEEE
I0624 02:01:47.069782 140647936 c_interface.cc:389] Pass GatherDictionaryArgs: dictionary_target_name=5ce251b1-64a5-474b-b454-2a21e016564b, data_path=batches, symmetric_cooc_values=0 to MN4artm4core15MasterComponentEFvRKNS_20GatherDictionaryArgsEE
I0624 02:01:47.069968 140647936 dictionary_operations.cc:265] Found 21 batches in 'batches' folder
I0624 02:01:47.400959 140647936 dictionary_operations.cc:331] Find 13022 unique tokens in 20002 items
I0624 02:01:47.409413 140647936 dictionary_operations.cc:611] Dictionary name='5ce251b1-64a5-474b-b454-2a21e016564b' contains entries: @default_class:13022; 
I0624 02:01:47.409747 140647936 c_interface.cc:375] Pass 5ce251b1-64a5-474b-b454-2a21e016564b to MN4artm4core15MasterComponentEFvRKNSt3__112basic_stringIcNS2_11char_traitsIcEENS2_9allocatorIcEEEEE
I0624 02:01:47.411101 140647936 c_interface.cc:339] Disposing MasterComponent (id=4)...
I0624 02:01:47.411527 140647936 c_interface.cc:271] Pass MasterModelConfig: topic_name_size=0, score_config_size=1, num_processors=0, pwt_name=pwt, nwt_name=nwt, num_document_passes=0, reuse_theta=no, cache_theta=no, opt_for_avx=yes, disk_cache_path= to ArtmCreateMasterModel
I0624 02:01:47.411536 140647936 c_interface.cc:274] Creating MasterModel (id=5)...
I0624 02:01:47.411598 140647936 c_interface.cc:375] Pass 15be5c49-5377-4757-a408-8150fac602eb to MN4artm4core15MasterComponentEFvRKNSt3__112basic_stringIcNS2_11char_traitsIcEENS2_9allocatorIcEEEEE
I0624 02:01:47.411626 140647936 c_interface.cc:389] Pass GatherDictionaryArgs: dictionary_target_name=15be5c49-5377-4757-a408-8150fac602eb, data_path=batches, symmetric_cooc_values=0 to MN4artm4core15MasterComponentEFvRKNS_20GatherDictionaryArgsEE
I0624 02:01:47.411775 140647936 dictionary_operations.cc:265] Found 21 batches in 'batches' folder
I0624 02:01:47.735481 140647936 dictionary_operations.cc:331] Find 13022 unique tokens in 20002 items
I0624 02:01:47.743180 140647936 dictionary_operations.cc:611] Dictionary name='15be5c49-5377-4757-a408-8150fac602eb' contains entries: @default_class:13022; 
I0624 02:01:47.743373 140647936 c_interface.cc:389] Pass FilterDictionaryArgs: dictionary_name=15be5c49-5377-4757-a408-8150fac602eb, class_id=@default_class, min_df=50, max_df=1500 to MN4artm4core15MasterComponentEFvRKNS_20FilterDictionaryArgsEE
I0624 02:01:47.745950 140647936 dictionary_operations.cc:611] Dictionary name='15be5c49-5377-4757-a408-8150fac602eb' contains entries: @default_class:4934; 
I0624 02:01:47.748893 140647936 c_interface.cc:231] ArtmCopyRequestedMessage is copying 235797 bytes...
I0624 02:01:47.781438 140647936 c_interface.cc:271] Pass MasterModelConfig: topic_name_size=200, score_config_size=1, num_processors=0, pwt_name=pwt, nwt_name=nwt, num_document_passes=10, reuse_theta=no, cache_theta=no, opt_for_avx=yes, disk_cache_path= to ArtmCreateMasterModel
I0624 02:01:47.781471 140647936 instance.cc:401] MasterModelConfig.processors_count is automatically set to 12
I0624 02:01:47.781517 278310912 processor.cc:58] Processor thread started
I0624 02:01:47.781523 278847488 processor.cc:58] Processor thread started
I0624 02:01:47.781530 279384064 processor.cc:58] Processor thread started
I0624 02:01:47.781541 279920640 processor.cc:58] Processor thread started
I0624 02:01:47.781553 280457216 processor.cc:58] Processor thread started
I0624 02:01:47.781565 280993792 processor.cc:58] Processor thread started
I0624 02:01:47.781579 281530368 processor.cc:58] Processor thread started
I0624 02:01:47.781590 282066944 processor.cc:58] Processor thread started
I0624 02:01:47.781610 282603520 processor.cc:58] Processor thread started
I0624 02:01:47.781615 283140096 processor.cc:58] Processor thread started
I0624 02:01:47.781630 283676672 processor.cc:58] Processor thread started
I0624 02:01:47.781633 140647936 c_interface.cc:274] Creating MasterModel (id=6)...
I0624 02:01:47.781639 284213248 processor.cc:58] Processor thread started
I0624 02:01:47.781927 140647936 c_interface.cc:389] Pass MasterModelConfig: topic_name_size=200, score_config_size=1, num_processors=0, pwt_name=pwt, nwt_name=nwt, num_document_passes=10, regularizer=(Decorr:0.25), reuse_theta=no, cache_theta=no, opt_for_avx=yes, disk_cache_path= to MN4artm4core15MasterComponentEFvRKNS_17MasterModelConfigEE
I0624 02:01:47.781960 140647936 instance.cc:401] MasterModelConfig.processors_count is automatically set to 12
I0624 02:01:47.782048 140647936 instance.cc:244] Regularizer 'Decorr' was cold-reconfigured
I0624 02:01:47.782341 140647936 c_interface.cc:389] Pass MasterModelConfig: topic_name_size=200, score_config_size=1, num_processors=0, pwt_name=pwt, nwt_name=nwt, num_document_passes=10, regularizer=(Decorr:0.25), regularizer=(SmoothPhi_1:0.15), reuse_theta=no, cache_theta=no, opt_for_avx=yes, disk_cache_path= to MN4artm4core15MasterComponentEFvRKNS_17MasterModelConfigEE
I0624 02:01:47.782369 140647936 instance.cc:401] MasterModelConfig.processors_count is automatically set to 12
